
James Nguku@Nguku MINGW64 ~
$ git config --global user.name "NgukuKyalo"

James Nguku@Nguku MINGW64 ~
$ git config --global user.email "jimnguku@gmail.com"

James Nguku@Nguku MINGW64 ~
$ cd "C:\Users\James Nguku\Desktop\Ketlabs\Dirty_Cafe" 

James Nguku@Nguku MINGW64 ~/Desktop/Ketlabs/Dirty_Cafe
$ git innit
git: 'innit' is not a git command. See 'git --help'.

The most similar command is
        init

James Nguku@Nguku MINGW64 ~/Desktop/Ketlabs/Dirty_Cafe
$  git init
Initialized empty Git repository in C:/Users/James Nguku/Desktop/Ketlabs/Dirty_Cafe/.git/

James Nguku@Nguku MINGW64 ~/Desktop/Ketlabs/Dirty_Cafe (master)
$ git status
On branch master

No commits yet

Untracked files:
  (use "git add <file>..." to include in what will be committed)
        Data/
        intropandas.ipynb

nothing added to commit but untracked files present (use "git add" to track)

James Nguku@Nguku MINGW64 ~/Desktop/Ketlabs/Dirty_Cafe (master)
$  git add.
git: 'add.' is not a git command. See 'git --help'.

The most similar command is
        add

James Nguku@Nguku MINGW64 ~/Desktop/Ketlabs/Dirty_Cafe (master)
$ git add .

James Nguku@Nguku MINGW64 ~/Desktop/Ketlabs/Dirty_Cafe (master)
$ git commit "m" "Dirty Cafe Analysis"
error: pathspec 'm' did not match any file(s) known to git
error: pathspec 'Dirty Cafe Analysis' did not match any file(s) known to git

James Nguku@Nguku MINGW64 ~/Desktop/Ketlabs/Dirty_Cafe (master)
$ git add intropandas.py
fatal: pathspec 'intropandas.py' did not match any files

James Nguku@Nguku MINGW64 ~/Desktop/Ketlabs/Dirty_Cafe (master)
$ git add intropandas.ipynb

James Nguku@Nguku MINGW64 ~/Desktop/Ketlabs/Dirty_Cafe (master)
$ git add .

James Nguku@Nguku MINGW64 ~/Desktop/Ketlabs/Dirty_Cafe (master)
$ git commit -m "Dirty Cafe Sales Analysis"
[master (root-commit) cecd1dc] Dirty Cafe Sales Analysis
 2 files changed, 10001 insertions(+)
 create mode 100644 Data/dirty_cafe_sales.csv
 create mode 100644 intropandas.ipynb

James Nguku@Nguku MINGW64 ~/Desktop/Ketlabs/Dirty_Cafe (master)
$ git branch -m main

James Nguku@Nguku MINGW64 ~/Desktop/Ketlabs/Dirty_Cafe (main)
$ git remote add origin https://github.com/NgukuKyalo/dirtycafe.git

James Nguku@Nguku MINGW64 ~/Desktop/Ketlabs/Dirty_Cafe (main)
$ git push -u origin main
info: please complete authentication in your browser...
Enumerating objects: 5, done.
Counting objects: 100% (5/5), done.
Delta compression using up to 8 threads
Compressing objects: 100% (3/3), done.
Writing objects: 100% (5/5), 106.11 KiB | 6.24 MiB/s, done.
Total 5 (delta 0), reused 0 (delta 0), pack-reused 0 (from 0)
To https://github.com/NgukuKyalo/dirtycafe.git
 * [new branch]      main -> main
branch 'main' set up to track 'origin/main'.

James Nguku@Nguku MINGW64 ~/Desktop/Ketlabs/Dirty_Cafe (main)
$ ^C

James Nguku@Nguku MINGW64 ~/Desktop/Ketlabs/Dirty_Cafe (main)
$ git add .
warning: in the working copy of 'intropandas.ipynb', LF will be replaced by CRLF the next time Git touches it

James Nguku@Nguku MINGW64 ~/Desktop/Ketlabs/Dirty_Cafe (main)
$ git status
On branch main
Your branch is up to date with 'origin/main'.

Changes to be committed:
  (use "git restore --staged <file>..." to unstage)
        modified:   intropandas.ipynb


James Nguku@Nguku MINGW64 ~/Desktop/Ketlabs/Dirty_Cafe (main)
$ git Is-files
git: 'Is-files' is not a git command. See 'git --help'.

The most similar command is
        ls-files

James Nguku@Nguku MINGW64 ~/Desktop/Ketlabs/Dirty_Cafe (main)
$ git ls-files
Data/dirty_cafe_sales.csv
intropandas.ipynb

James Nguku@Nguku MINGW64 ~/Desktop/Ketlabs/Dirty_Cafe (main)
$ git show HEAD:intropandas.ipynb > committed.ipynb

James Nguku@Nguku MINGW64 ~/Desktop/Ketlabs/Dirty_Cafe (main)
$ git log --oneline
cecd1dc (HEAD -> main, origin/main) Dirty Cafe Sales Analysis

James Nguku@Nguku MINGW64 ~/Desktop/Ketlabs/Dirty_Cafe (main)
